// Vitest Snapshot v1, https://vitest.dev/guide/snapshot.html

exports[`Input Component > snapshot of the basic component 1`] = `"<!----><label class="label mb-2" for="snapshot-input">User</label><!----> <input class="input user-invalid:text-error user-invalid:input-error user-invalid:placeholder:text-error" id="snapshot-input" type="text" name="username" placeholder="User" aria-label="Username field"> <!---->"`;
